ADANIENT     2019-10-01..2020-09-29 ok rows=2
ADANIENT     2020-09-30..2021-09-29 ok rows=1
ADANIENT     2021-09-30..2022-09-29 ok rows=1
ADANIENT     2022-09-30..2023-09-29 ok rows=1
ADANIENT     2023-09-30..2024-09-28 ok rows=1
ADANIENT     2024-09-29..2025-09-28 ok rows=1
ADANIENT     2025-09-29..2026-09-16 ok rows=2
ADANIPORTS   2019-10-01..2020-09-29 ok rows=2
ADANIPORTS   2020-09-30..2021-09-29 ok rows=1
ADANIPORTS   2021-09-30..2022-09-29 ok rows=1
ADANIPORTS   2022-09-30..2023-09-29 ok rows=1
ADANIPORTS   2023-09-30..2024-09-28 ok rows=1
ADANIPORTS   2024-09-29..2025-09-28 ok rows=1
ADANIPORTS   2025-09-29..2026-09-16 ok rows=1
APOLLOHOSP   2019-10-01..2020-09-29 ok rows=2
APOLLOHOSP   2020-09-30..2021-09-29 ok rows=1
APOLLOHOSP   2021-09-30..2022-09-29 ok rows=1
APOLLOHOSP   2022-09-30..2023-09-29 ok rows=2
APOLLOHOSP   2023-09-30..2024-09-28 ok rows=2
APOLLOHOSP   2024-09-29..2025-09-28 ok rows=2
APOLLOHOSP   2025-09-29..2026-09-16 ok rows=2
ASIANPAINT   2019-10-01..2020-09-29 ok rows=3
ASIANPAINT   2020-09-30..2021-09-29 ok rows=2
ASIANPAINT   2021-09-30..2022-09-29 ok rows=2
ASIANPAINT   2022-09-30..2023-09-29 ok rows=2
ASIANPAINT   2023-09-30..2024-09-28 ok rows=2
ASIANPAINT   2024-09-29..2025-09-28 ok rows=2
ASIANPAINT   2025-09-29..2026-09-16 ok rows=2
AXISBANK     2019-10-01..2020-09-29 ok rows=0
AXISBANK     2020-09-30..2021-09-29 ok rows=0
AXISBANK     2021-09-30..2022-09-29 ok rows=1
AXISBANK     2022-09-30..2023-09-29 ok rows=1
AXISBANK     2023-09-30..2024-09-28 ok rows=1
AXISBANK     2024-09-29..2025-09-28 ok rows=1
AXISBANK     2025-09-29..2026-09-16 ok rows=1
BAJAJ-AUTO   2019-10-01..2020-09-29 ok rows=1
BAJAJ-AUTO   2020-09-30..2021-09-29 ok rows=1
BAJAJ-AUTO   2021-09-30..2022-09-29 ok rows=1
BAJAJ-AUTO   2022-09-30..2023-09-29 ok rows=1
BAJAJ-AUTO   2023-09-30..2024-09-28 ok rows=2
BAJAJ-AUTO   2024-09-29..2025-09-28 ok rows=1
BAJAJ-AUTO   2025-09-29..2026-09-16 ok rows=2
BAJAJFINSV   2019-10-01..2020-09-29 ok rows=1
BAJAJFINSV   2020-09-30..2021-09-29 ok rows=1
BAJAJFINSV   2021-09-30..2022-09-29 ok rows=3
BAJAJFINSV   2022-09-30..2023-09-29 ok rows=1
BAJAJFINSV   2023-09-30..2024-09-28 ok rows=1
BAJAJFINSV   2024-09-29..2025-09-28 ok rows=1
BAJAJFINSV   2025-09-29..2026-09-16 ok rows=1
BAJFINANCE   2019-10-01..2020-09-29 ok rows=1
BAJFINANCE   2020-09-30..2021-09-29 ok rows=1
BAJFINANCE   2021-09-30..2022-09-29 ok rows=1
BAJFINANCE   2022-09-30..2023-09-29 ok rows=1
BAJFINANCE   2023-09-30..2024-09-28 ok rows=1
BAJFINANCE   2024-09-29..2025-09-28 ok rows=4
BAJFINANCE   2025-09-29..2026-09-16 ok rows=1
BEL          2019-10-01..2020-09-29 ok rows=2
BEL          2020-09-30..2021-09-29 ok rows=3
BEL          2021-09-30..2022-09-29 ok rows=4
BEL          2022-09-30..2023-09-29 ok rows=3
BEL          2023-09-30..2024-09-28 ok rows=3
BEL          2024-09-29..2025-09-28 ok rows=2
BEL          2025-09-29..2026-09-16 ok rows=2
BHARTIARTL   2019-10-01..2020-09-29 ok rows=1
BHARTIARTL   2020-09-30..2021-09-29 ok rows=1
BHARTIARTL   2021-09-30..2022-09-29 ok rows=1
BHARTIARTL   2022-09-30..2023-09-29 ok rows=1
BHARTIARTL   2023-09-30..2024-09-28 ok rows=1
BHARTIARTL   2024-09-29..2025-09-28 ok rows=1
BHARTIARTL   2025-09-29..2026-09-16 ok rows=1
BPCL         2019-10-01..2020-09-29 ok rows=2
BPCL         2020-09-30..2021-09-29 ok rows=3
BPCL         2021-09-30..2022-09-29 ok rows=3
BPCL         2022-09-30..2023-09-29 ok rows=1
BPCL         2023-09-30..2024-09-28 ok rows=3
BPCL         2024-09-29..2025-09-28 ok rows=2
BPCL         2025-09-29..2026-09-16 ok rows=2
BRITANNIA    2019-10-01..2020-09-29 ok rows=3
BRITANNIA    2020-09-30..2021-09-29 ok rows=4
BRITANNIA    2021-09-30..2022-09-29 ok rows=1
BRITANNIA    2022-09-30..2023-09-29 ok rows=2
BRITANNIA    2023-09-30..2024-09-28 ok rows=1
BRITANNIA    2024-09-29..2025-09-28 ok rows=1
BRITANNIA    2025-09-29..2026-09-16 ok rows=1
CIPLA        2019-10-01..2020-09-29 ok rows=2
CIPLA        2020-09-30..2021-09-29 ok rows=1
CIPLA        2021-09-30..2022-09-29 ok rows=1
CIPLA        2022-09-30..2023-09-29 ok rows=1
CIPLA        2023-09-30..2024-09-28 ok rows=1
CIPLA        2024-09-29..2025-09-28 ok rows=1
CIPLA        2025-09-29..2026-09-16 ok rows=1
COALINDIA    2019-10-01..2020-09-29 ok rows=2
COALINDIA    2020-09-30..2021-09-29 ok rows=3
COALINDIA    2021-09-30..2022-09-29 ok rows=3
COALINDIA    2022-09-30..2023-09-29 ok rows=3
COALINDIA    2023-09-30..2024-09-28 ok rows=3
COALINDIA    2024-09-29..2025-09-28 ok rows=4
COALINDIA    2025-09-29..2026-09-16 ok rows=4
DIVISLAB     2019-10-01..2020-09-29 ok rows=2
DIVISLAB     2020-09-30..2021-09-29 ok rows=1
DIVISLAB     2021-09-30..2022-09-29 ok rows=1
DIVISLAB     2022-09-30..2023-09-29 ok rows=1
DIVISLAB     2023-09-30..2024-09-28 ok rows=1
DIVISLAB     2024-09-29..2025-09-28 ok rows=1
DIVISLAB     2025-09-29..2026-09-16 ok rows=1
DRREDDY      2019-10-01..2020-09-29 ok rows=1
DRREDDY      2020-09-30..2021-09-29 ok rows=1
DRREDDY      2021-09-30..2022-09-29 ok rows=1
DRREDDY      2022-09-30..2023-09-29 ok rows=1
DRREDDY      2023-09-30..2024-09-28 ok rows=1
DRREDDY      2024-09-29..2025-09-28 ok rows=2
DRREDDY      2025-09-29..2026-09-16 ok rows=1
EICHERMOT    2019-10-01..2020-09-29 ok rows=2
EICHERMOT    2020-09-30..2021-09-29 ok rows=1
EICHERMOT    2021-09-30..2022-09-29 ok rows=1
EICHERMOT    2022-09-30..2023-09-29 ok rows=1
EICHERMOT    2023-09-30..2024-09-28 ok rows=1
EICHERMOT    2024-09-29..2025-09-28 ok rows=1
EICHERMOT    2025-09-29..2026-09-16 ok rows=1
ETERNAL      2019-10-01..2020-09-29 ok rows=0
ETERNAL      2020-09-30..2021-09-29 ok rows=0
ETERNAL      2021-09-30..2022-09-29 ok rows=0
ETERNAL      2022-09-30..2023-09-29 ok rows=0
ETERNAL      2023-09-30..2024-09-28 ok rows=0
ETERNAL      2024-09-29..2025-09-28 ok rows=0
ETERNAL      2025-09-29..2026-09-16 ok rows=0
GAIL         2019-10-01..2020-09-29 ok rows=1
GAIL         2020-09-30..2021-09-29 ok rows=3
GAIL         2021-09-30..2022-09-29 ok rows=5
GAIL         2022-09-30..2023-09-29 ok rows=1
GAIL         2023-09-30..2024-09-28 ok rows=1
GAIL         2024-09-29..2025-09-28 ok rows=2
GAIL         2025-09-29..2026-09-16 ok rows=2
GRASIM       2019-10-01..2020-09-29 ok rows=1
GRASIM       2020-09-30..2021-09-29 ok rows=1
GRASIM       2021-09-30..2022-09-29 ok rows=1
GRASIM       2022-09-30..2023-09-29 ok rows=1
GRASIM       2023-09-30..2024-09-28 ok rows=2
GRASIM       2024-09-29..2025-09-28 ok rows=1
GRASIM       2025-09-29..2026-09-16 ok rows=1
HCLTECH      2019-10-01..2020-09-29 ok rows=5
HCLTECH      2020-09-30..2021-09-29 ok rows=4
HCLTECH      2021-09-30..2022-09-29 ok rows=4
HCLTECH      2022-09-30..2023-09-29 ok rows=4
HCLTECH      2023-09-30..2024-09-28 ok rows=4
HCLTECH      2024-09-29..2025-09-28 ok rows=4
HCLTECH      2025-09-29..2026-09-16 ok rows=4
HDFC         2019-10-01..2020-09-29 ok rows=1
HDFC         2020-09-30..2021-09-29 ok rows=1
HDFC         2021-09-30..2022-09-29 ok rows=1
HDFC         2022-09-30..2023-09-29 ok rows=1
HDFC         2023-09-30..2024-09-28 ok rows=0
HDFC         2024-09-29..2025-09-28 ok rows=0
HDFC         2025-09-29..2026-09-16 ok rows=0
HDFCBANK     2019-10-01..2020-09-29 ok rows=0
HDFCBANK     2020-09-30..2021-09-29 ok rows=1
HDFCBANK     2021-09-30..2022-09-29 ok rows=1
HDFCBANK     2022-09-30..2023-09-29 ok rows=1
HDFCBANK     2023-09-30..2024-09-28 ok rows=1
HDFCBANK     2024-09-29..2025-09-28 ok rows=3
HDFCBANK     2025-09-29..2026-09-16 ok rows=1
HDFCLIFE     2019-10-01..2020-09-29 ok rows=0
HDFCLIFE     2020-09-30..2021-09-29 ok rows=1
HDFCLIFE     2021-09-30..2022-09-29 ok rows=1
HDFCLIFE     2022-09-30..2023-09-29 ok rows=1
HDFCLIFE     2023-09-30..2024-09-28 ok rows=1
HDFCLIFE     2024-09-29..2025-09-28 ok rows=1
HDFCLIFE     2025-09-29..2026-09-16 ok rows=1
HEROMOTOCO   2019-10-01..2020-09-29 ok rows=2
HEROMOTOCO   2020-09-30..2021-09-29 ok rows=2
HEROMOTOCO   2021-09-30..2022-09-29 ok rows=2
HEROMOTOCO   2022-09-30..2023-09-29 ok rows=2
HEROMOTOCO   2023-09-30..2024-09-28 ok rows=2
HEROMOTOCO   2024-09-29..2025-09-28 ok rows=2
HEROMOTOCO   2025-09-29..2026-09-16 ok rows=2
HINDALCO     2019-10-01..2020-09-29 ok rows=1
HINDALCO     2020-09-30..2021-09-29 ok rows=1
HINDALCO     2021-09-30..2022-09-29 ok rows=1
HINDALCO     2022-09-30..2023-09-29 ok rows=1
HINDALCO     2023-09-30..2024-09-28 ok rows=1
HINDALCO     2024-09-29..2025-09-28 ok rows=1
HINDALCO     2025-09-29..2026-09-16 ok rows=1
HINDUNILVR   2019-10-01..2020-09-29 ok rows=3
HINDUNILVR   2020-09-30..2021-09-29 ok rows=2
HINDUNILVR   2021-09-30..2022-09-29 ok rows=2
HINDUNILVR   2022-09-30..2023-09-29 ok rows=2
HINDUNILVR   2023-09-30..2024-09-28 ok rows=2
HINDUNILVR   2024-09-29..2025-09-28 ok rows=2
HINDUNILVR   2025-09-29..2026-09-16 ok rows=3
IBULHSGFIN   2019-10-01..2020-09-29 ok rows=0
IBULHSGFIN   2020-09-30..2021-09-29 ok rows=0
IBULHSGFIN   2021-09-30..2022-09-29 ok rows=0
IBULHSGFIN   2022-09-30..2023-09-29 ok rows=0
IBULHSGFIN   2023-09-30..2024-09-28 ok rows=0
IBULHSGFIN   2024-09-29..2025-09-28 ok rows=0
IBULHSGFIN   2025-09-29..2026-09-16 ok rows=0
ICICIBANK    2019-10-01..2020-09-29 ok rows=0
ICICIBANK    2020-09-30..2021-09-29 ok rows=1
ICICIBANK    2021-09-30..2022-09-29 ok rows=1
ICICIBANK    2022-09-30..2023-09-29 ok rows=1
ICICIBANK    2023-09-30..2024-09-28 ok rows=1
ICICIBANK    2024-09-29..2025-09-28 ok rows=1
ICICIBANK    2025-09-29..2026-09-16 ok rows=1
INDIGO       2019-10-01..2020-09-29 ok rows=1
INDIGO       2020-09-30..2021-09-29 ok rows=1
INDIGO       2021-09-30..2022-09-29 ok rows=1
INDIGO       2022-09-30..2023-09-29 ok rows=1
INDIGO       2023-09-30..2024-09-28 ok rows=0
INDIGO       2024-09-29..2025-09-28 ok rows=1
INDIGO       2025-09-29..2026-09-16 ok rows=0
INDUSINDBK   2019-10-01..2020-09-29 ok rows=0
INDUSINDBK   2020-09-30..2021-09-29 ok rows=1
INDUSINDBK   2021-09-30..2022-09-29 ok rows=1
INDUSINDBK   2022-09-30..2023-09-29 ok rows=1
INDUSINDBK   2023-09-30..2024-09-28 ok rows=1
INDUSINDBK   2024-09-29..2025-09-28 ok rows=0
INDUSINDBK   2025-09-29..2026-09-16 ok rows=1
IOC          2019-10-01..2020-09-29 ok rows=1
IOC          2020-09-30..2021-09-29 ok rows=3
IOC          2021-09-30..2022-09-29 ok rows=4
IOC          2022-09-30..2023-09-29 ok rows=1
IOC          2023-09-30..2024-09-28 ok rows=2
IOC          2024-09-29..2025-09-28 ok rows=1
IOC          2025-09-29..2026-09-16 ok rows=3
ITC          2019-10-01..2020-09-29 ok rows=1
ITC          2020-09-30..2021-09-29 ok rows=2
ITC          2021-09-30..2022-09-29 ok rows=2
ITC          2022-09-30..2023-09-29 ok rows=2
ITC          2023-09-30..2024-09-28 ok rows=2
ITC          2024-09-29..2025-09-28 ok rows=3
ITC          2025-09-29..2026-09-16 ok rows=2
JIOFIN       2019-10-01..2020-09-29 ok rows=0
JIOFIN       2020-09-30..2021-09-29 ok rows=0
JIOFIN       2021-09-30..2022-09-29 ok rows=0
JIOFIN       2022-09-30..2023-09-29 ok rows=0
JIOFIN       2023-09-30..2024-09-28 ok rows=0
JIOFIN       2024-09-29..2025-09-28 ok rows=1
JIOFIN       2025-09-29..2026-09-16 ok rows=1
JSWSTEEL     2019-10-01..2020-09-29 ok rows=1
JSWSTEEL     2020-09-30..2021-09-29 ok rows=1
JSWSTEEL     2021-09-30..2022-09-29 ok rows=1
JSWSTEEL     2022-09-30..2023-09-29 ok rows=1
JSWSTEEL     2023-09-30..2024-09-28 ok rows=1
JSWSTEEL     2024-09-29..2025-09-28 ok rows=1
JSWSTEEL     2025-09-29..2026-09-16 ok rows=1
KOTAKBANK    2019-10-01..2020-09-29 ok rows=0
KOTAKBANK    2020-09-30..2021-09-29 ok rows=1
KOTAKBANK    2021-09-30..2022-09-29 ok rows=1
KOTAKBANK    2022-09-30..2023-09-29 ok rows=1
KOTAKBANK    2023-09-30..2024-09-28 ok rows=1
KOTAKBANK    2024-09-29..2025-09-28 ok rows=1
KOTAKBANK    2025-09-29..2026-09-16 ok rows=2
LT           2019-10-01..2020-09-29 ok rows=2
LT           2020-09-30..2021-09-29 ok rows=2
LT           2021-09-30..2022-09-29 ok rows=1
LT           2022-09-30..2023-09-29 ok rows=3
LT           2023-09-30..2024-09-28 ok rows=1
LT           2024-09-29..2025-09-28 ok rows=1
LT           2025-09-29..2026-09-16 ok rows=1
M&M          2019-10-01..2020-09-29 ok rows=1
M&M          2020-09-30..2021-09-29 ok rows=1
M&M          2021-09-30..2022-09-29 ok rows=1
M&M          2022-09-30..2023-09-29 ok rows=1
M&M          2023-09-30..2024-09-28 ok rows=1
M&M          2024-09-29..2025-09-28 ok rows=1
M&M          2025-09-29..2026-09-16 ok rows=1
MARUTI       2019-10-01..2020-09-29 ok rows=1
MARUTI       2020-09-30..2021-09-29 ok rows=1
MARUTI       2021-09-30..2022-09-29 ok rows=1
MARUTI       2022-09-30..2023-09-29 ok rows=1
MARUTI       2023-09-30..2024-09-28 ok rows=1
MARUTI       2024-09-29..2025-09-28 ok rows=1
MARUTI       2025-09-29..2026-09-16 ok rows=1
MAXHEALTH    2019-10-01..2020-09-29 ok rows=0
MAXHEALTH    2020-09-30..2021-09-29 ok rows=0
MAXHEALTH    2021-09-30..2022-09-29 ok rows=0
MAXHEALTH    2022-09-30..2023-09-29 ok rows=1
MAXHEALTH    2023-09-30..2024-09-28 ok rows=1
MAXHEALTH    2024-09-29..2025-09-28 ok rows=1
MAXHEALTH    2025-09-29..2026-09-16 ok rows=1
NESTLEIND    2019-10-01..2020-09-29 ok rows=2
NESTLEIND    2020-09-30..2021-09-29 ok rows=3
NESTLEIND    2021-09-30..2022-09-29 ok rows=2
NESTLEIND    2022-09-30..2023-09-29 ok rows=3
NESTLEIND    2023-09-30..2024-09-28 ok rows=5
NESTLEIND    2024-09-29..2025-09-28 ok rows=3
NESTLEIND    2025-09-29..2026-09-16 ok rows=3
NTPC         2019-10-01..2020-09-29 ok rows=3
NTPC         2020-09-30..2021-09-29 ok rows=4
NTPC         2021-09-30..2022-09-29 ok rows=2
NTPC         2022-09-30..2023-09-29 ok rows=2
NTPC         2023-09-30..2024-09-28 ok rows=3
NTPC         2024-09-29..2025-09-28 ok rows=3
NTPC         2025-09-29..2026-09-16 ok rows=3
ONGC         2019-10-01..2020-09-29 ok rows=1
ONGC         2020-09-30..2021-09-29 ok rows=2
ONGC         2021-09-30..2022-09-29 ok rows=3
ONGC         2022-09-30..2023-09-29 ok rows=3
ONGC         2023-09-30..2024-09-28 ok rows=3
ONGC         2024-09-29..2025-09-28 ok rows=3
ONGC         2025-09-29..2026-09-16 ok rows=3
POWERGRID    2019-10-01..2020-09-29 ok rows=2
POWERGRID    2020-09-30..2021-09-29 ok rows=4
POWERGRID    2021-09-30..2022-09-29 ok rows=3
POWERGRID    2022-09-30..2023-09-29 ok rows=4
POWERGRID    2023-09-30..2024-09-28 ok rows=3
POWERGRID    2024-09-29..2025-09-28 ok rows=3
POWERGRID    2025-09-29..2026-09-16 ok rows=3
RELIANCE     2019-10-01..2020-09-29 ok rows=2
RELIANCE     2020-09-30..2021-09-29 ok rows=1
RELIANCE     2021-09-30..2022-09-29 ok rows=1
RELIANCE     2022-09-30..2023-09-29 ok rows=2
RELIANCE     2023-09-30..2024-09-28 ok rows=1
RELIANCE     2024-09-29..2025-09-28 ok rows=2
RELIANCE     2025-09-29..2026-09-16 ok rows=1
SAMMAANCAP   2019-10-01..2020-09-29 ok rows=3
SAMMAANCAP   2020-09-30..2021-09-29 ok rows=2
SAMMAANCAP   2021-09-30..2022-09-29 ok rows=1
SAMMAANCAP   2022-09-30..2023-09-29 ok rows=1
SAMMAANCAP   2023-09-30..2024-09-28 ok rows=2
SAMMAANCAP   2024-09-29..2025-09-28 ok rows=0
SAMMAANCAP   2025-09-29..2026-09-16 ok rows=0
SBILIFE      2019-10-01..2020-09-29 ok rows=0
SBILIFE      2020-09-30..2021-09-29 ok rows=1
SBILIFE      2021-09-30..2022-09-29 ok rows=1
SBILIFE      2022-09-30..2023-09-29 ok rows=1
SBILIFE      2023-09-30..2024-09-28 ok rows=1
SBILIFE      2024-09-29..2025-09-28 ok rows=1
SBILIFE      2025-09-29..2026-09-16 ok rows=1
SBIN         2019-10-01..2020-09-29 ok rows=0
SBIN         2020-09-30..2021-09-29 ok rows=1
SBIN         2021-09-30..2022-09-29 ok rows=1
SBIN         2022-09-30..2023-09-29 ok rows=1
SBIN         2023-09-30..2024-09-28 ok rows=1
SBIN         2024-09-29..2025-09-28 ok rows=1
SBIN         2025-09-29..2026-09-16 ok rows=1
SHREECEM     2019-10-01..2020-09-29 ok rows=1
SHREECEM     2020-09-30..2021-09-29 ok rows=1
SHREECEM     2021-09-30..2022-09-29 ok rows=2
SHREECEM     2022-09-30..2023-09-29 ok rows=2
SHREECEM     2023-09-30..2024-09-28 ok rows=2
SHREECEM     2024-09-29..2025-09-28 ok rows=2
SHREECEM     2025-09-29..2026-09-16 ok rows=2
SHRIRAMFIN   2019-10-01..2020-09-29 ok rows=3
SHRIRAMFIN   2020-09-30..2021-09-29 ok rows=3
SHRIRAMFIN   2021-09-30..2022-09-29 ok rows=3
SHRIRAMFIN   2022-09-30..2023-09-29 ok rows=2
SHRIRAMFIN   2023-09-30..2024-09-28 ok rows=3
SHRIRAMFIN   2024-09-29..2025-09-28 ok rows=4
SHRIRAMFIN   2025-09-29..2026-09-16 ok rows=2
SUNPHARMA    2019-10-01..2020-09-29 ok rows=2
SUNPHARMA    2020-09-30..2021-09-29 ok rows=2
SUNPHARMA    2021-09-30..2022-09-29 ok rows=2
SUNPHARMA    2022-09-30..2023-09-29 ok rows=2
SUNPHARMA    2023-09-30..2024-09-28 ok rows=2
SUNPHARMA    2024-09-29..2025-09-28 ok rows=2
SUNPHARMA    2025-09-29..2026-09-16 ok rows=2
TATACONSUM   2019-10-01..2020-09-29 ok rows=1
TATACONSUM   2020-09-30..2021-09-29 ok rows=1
TATACONSUM   2021-09-30..2022-09-29 ok rows=1
TATACONSUM   2022-09-30..2023-09-29 ok rows=1
TATACONSUM   2023-09-30..2024-09-28 ok rows=2
TATACONSUM   2024-09-29..2025-09-28 ok rows=1
TATACONSUM   2025-09-29..2026-09-16 ok rows=1
TATAMOTORS   2019-10-01..2020-09-29 ok rows=0
TATAMOTORS   2020-09-30..2021-09-29 ok rows=0
TATAMOTORS   2021-09-30..2022-09-29 ok rows=0
TATAMOTORS   2022-09-30..2023-09-29 ok rows=0
TATAMOTORS   2023-09-30..2024-09-28 ok rows=0
TATAMOTORS   2024-09-29..2025-09-28 ok rows=0
TATAMOTORS   2025-09-29..2026-09-16 ok rows=0
TATASTEEL    2019-10-01..2020-09-29 ok rows=1
TATASTEEL    2020-09-30..2021-09-29 ok rows=1
TATASTEEL    2021-09-30..2022-09-29 ok rows=2
TATASTEEL    2022-09-30..2023-09-29 ok rows=1
TATASTEEL    2023-09-30..2024-09-28 ok rows=1
TATASTEEL    2024-09-29..2025-09-28 ok rows=1
TATASTEEL    2025-09-29..2026-09-16 ok rows=1
TCS          2019-10-01..2020-09-29 ok rows=5
TCS          2020-09-30..2021-09-29 ok rows=5
TCS          2021-09-30..2022-09-29 ok rows=5
TCS          2022-09-30..2023-09-29 ok rows=4
TCS          2023-09-30..2024-09-28 ok rows=5
TCS          2024-09-29..2025-09-28 ok rows=4
TCS          2025-09-29..2026-09-16 ok rows=4
TECHM        2019-10-01..2020-09-29 ok rows=2
TECHM        2020-09-30..2021-09-29 ok rows=2
TECHM        2021-09-30..2022-09-29 ok rows=2
TECHM        2022-09-30..2023-09-29 ok rows=2
TECHM        2023-09-30..2024-09-28 ok rows=2
TECHM        2024-09-29..2025-09-28 ok rows=2
TECHM        2025-09-29..2026-09-16 ok rows=2
TITAN        2019-10-01..2020-09-29 ok rows=1
TITAN        2020-09-30..2021-09-29 ok rows=1
TITAN        2021-09-30..2022-09-29 ok rows=1
TITAN        2022-09-30..2023-09-29 ok rows=1
TITAN        2023-09-30..2024-09-28 ok rows=1
TITAN        2024-09-29..2025-09-28 ok rows=1
TITAN        2025-09-29..2026-09-16 ok rows=1
TMPV         2019-10-01..2020-09-29 ok rows=0
TMPV         2020-09-30..2021-09-29 ok rows=0
TMPV         2021-09-30..2022-09-29 ok rows=0
TMPV         2022-09-30..2023-09-29 ok rows=1
TMPV         2023-09-30..2024-09-28 ok rows=1
TMPV         2024-09-29..2025-09-28 ok rows=1
TMPV         2025-09-29..2026-09-16 ok rows=2
TRENT        2019-10-01..2020-09-29 ok rows=1
TRENT        2020-09-30..2021-09-29 ok rows=1
TRENT        2021-09-30..2022-09-29 ok rows=2
TRENT        2022-09-30..2023-09-29 ok rows=1
TRENT        2023-09-30..2024-09-28 ok rows=1
TRENT        2024-09-29..2025-09-28 ok rows=1
TRENT        2025-09-29..2026-09-16 ok rows=2
ULTRACEMCO   2019-10-01..2020-09-29 ok rows=1
ULTRACEMCO   2020-09-30..2021-09-29 ok rows=1
ULTRACEMCO   2021-09-30..2022-09-29 ok rows=1
ULTRACEMCO   2022-09-30..2023-09-29 ok rows=1
ULTRACEMCO   2023-09-30..2024-09-28 ok rows=1
ULTRACEMCO   2024-09-29..2025-09-28 ok rows=1
ULTRACEMCO   2025-09-29..2026-09-16 ok rows=1
UPL          2019-10-01..2020-09-29 ok rows=1
UPL          2020-09-30..2021-09-29 ok rows=1
UPL          2021-09-30..2022-09-29 ok rows=1
UPL          2022-09-30..2023-09-29 ok rows=1
UPL          2023-09-30..2024-09-28 ok rows=1
UPL          2024-09-29..2025-09-28 ok rows=2
UPL          2025-09-29..2026-09-16 ok rows=1
VEDL         2019-10-01..2020-09-29 ok rows=2
VEDL         2020-09-30..2021-09-29 ok rows=3
VEDL         2021-09-30..2022-09-29 ok rows=5
VEDL         2022-09-30..2023-09-29 ok rows=5
VEDL         2023-09-30..2024-09-28 ok rows=5
VEDL         2024-09-29..2025-09-28 ok rows=3
VEDL         2025-09-29..2026-09-16 ok rows=2
WIPRO        2019-10-01..2020-09-29 ok rows=2
WIPRO        2020-09-30..2021-09-29 ok rows=3
WIPRO        2021-09-30..2022-09-29 ok rows=3
WIPRO        2022-09-30..2023-09-29 ok rows=3
WIPRO        2023-09-30..2024-09-28 ok rows=2
WIPRO        2024-09-29..2025-09-28 ok rows=3
WIPRO        2025-09-29..2026-09-16 ok rows=3
YESBANK      2019-10-01..2020-09-29 ok rows=0
YESBANK      2020-09-30..2021-09-29 ok rows=0
YESBANK      2021-09-30..2022-09-29 ok rows=0
YESBANK      2022-09-30..2023-09-29 ok rows=0
YESBANK      2023-09-30..2024-09-28 ok rows=0
YESBANK      2024-09-29..2025-09-28 ok rows=0
YESBANK      2025-09-29..2026-09-16 ok rows=0
ZEEL         2019-10-01..2020-09-29 ok rows=1
ZEEL         2020-09-30..2021-09-29 ok rows=1
ZEEL         2021-09-30..2022-09-29 ok rows=1
ZEEL         2022-09-30..2023-09-29 ok rows=0
ZEEL         2023-09-30..2024-09-28 ok rows=0
ZEEL         2024-09-29..2025-09-28 ok rows=2
ZEEL         2025-09-29..2026-09-16 ok rows=1
