schema ready; universe 52 symbols (hash da55c1ca4e83)
977 candidate trading days 2016-01-01 .. 2019-09-30; 0 already ingested, 977 to process
  20/977 days | cash 855 fut 2,394 opt 156,816
  40/977 days | cash 1,755 fut 4,914 opt 328,456
  60/977 days | cash 2,565 fut 7,182 opt 481,624
  80/977 days | cash 3,285 fut 9,198 opt 612,194
  100/977 days | cash 4,185 fut 11,718 opt 767,448
  120/977 days | cash 5,085 fut 14,238 opt 916,764
  140/977 days | cash 5,940 fut 16,632 opt 1,065,438
  160/977 days | cash 6,840 fut 19,152 opt 1,240,558
  180/977 days | cash 7,650 fut 21,420 opt 1,398,490
  200/977 days | cash 8,505 fut 23,814 opt 1,567,336
  220/977 days | cash 9,270 fut 25,956 opt 1,716,096
  240/977 days | cash 10,125 fut 28,350 opt 1,879,986
  260/977 days | cash 11,025 fut 30,870 opt 2,049,800
  280/977 days | cash 11,880 fut 33,264 opt 2,204,694
  300/977 days | cash 12,780 fut 35,784 opt 2,362,866
  320/977 days | cash 13,590 fut 38,052 opt 2,500,738
  340/977 days | cash 14,400 fut 40,320 opt 2,647,578
  360/977 days | cash 15,255 fut 42,798 opt 2,812,582
  380/977 days | cash 16,155 fut 45,438 opt 2,991,442
  400/977 days | cash 17,010 fut 47,946 opt 3,163,756
  420/977 days | cash 17,910 fut 50,586 opt 3,348,436
  440/977 days | cash 18,720 fut 52,962 opt 3,517,540
  460/977 days | cash 19,578 fut 55,470 opt 3,692,706
  480/977 days | cash 20,452 fut 57,978 opt 3,863,002
  500/977 days | cash 21,382 fut 60,618 opt 4,044,384
  520/977 days | cash 22,275 fut 63,126 opt 4,214,214
  540/977 days | cash 23,215 fut 65,766 opt 4,394,224
  560/977 days | cash 24,061 fut 68,142 opt 4,555,246
  580/977 days | cash 24,954 fut 70,650 opt 4,715,902
  600/977 days | cash 25,800 fut 73,026 opt 4,867,948
  620/977 days | cash 26,693 fut 75,534 opt 5,025,512
  640/977 days | cash 27,633 fut 78,174 opt 5,189,592
  660/977 days | cash 28,573 fut 80,814 opt 5,349,776
  680/977 days | cash 29,513 fut 83,454 opt 5,512,636
  700/977 days | cash 30,359 fut 85,830 opt 5,658,986
  720/977 days | cash 31,158 fut 88,074 opt 5,801,250
  740/977 days | cash 32,051 fut 90,582 opt 5,986,814
  760/977 days | cash 32,897 fut 92,958 opt 6,157,262
  780/977 days | cash 33,790 fut 95,466 opt 6,328,128
  800/977 days | cash 34,730 fut 98,106 opt 6,499,226
  820/977 days | cash 35,670 fut 100,746 opt 6,667,498
  840/977 days | cash 36,516 fut 103,122 opt 6,811,736
  860/977 days | cash 37,409 fut 105,630 opt 6,984,522
  880/977 days | cash 38,208 fut 107,874 opt 7,147,928
  900/977 days | cash 39,101 fut 110,382 opt 7,326,688
  920/977 days | cash 40,041 fut 113,022 opt 7,507,098
  940/977 days | cash 40,981 fut 115,662 opt 7,685,272
  960/977 days | cash 41,780 fut 117,906 opt 7,840,546

merged: 42,532 cash / 120,018 futures / 7,982,984 option rows
