schema ready; universe 7 symbols (hash 4cab1967abf0)
1784 candidate trading days 2019-10-01 .. 2026-07-31; 97 already ingested, 1687 to process
  40/1687 days | cash 280 fut 360 opt 22,780
  80/1687 days | cash 560 fut 720 opt 48,382
  120/1687 days | cash 840 fut 1,080 opt 80,280
  160/1687 days | cash 1,120 fut 1,440 opt 117,796
  200/1687 days | cash 1,400 fut 1,800 opt 147,090
  240/1687 days | cash 1,680 fut 2,160 opt 170,342
  280/1687 days | cash 1,960 fut 2,520 opt 191,486
  320/1687 days | cash 2,240 fut 2,880 opt 216,338
  360/1687 days | cash 2,520 fut 3,240 opt 255,918
  400/1687 days | cash 2,800 fut 3,591 opt 295,548
  440/1687 days | cash 3,080 fut 3,951 opt 325,548
  480/1687 days | cash 3,360 fut 4,392 opt 360,726
  520/1687 days | cash 3,640 fut 5,112 opt 436,600
  560/1687 days | cash 3,920 fut 5,832 opt 522,140
  600/1687 days | cash 4,200 fut 6,552 opt 613,116
  640/1687 days | cash 4,480 fut 7,272 opt 701,368
  680/1687 days | cash 4,760 fut 7,992 opt 786,186
  720/1687 days | cash 5,040 fut 8,712 opt 873,330
  760/1687 days | cash 5,320 fut 9,432 opt 961,292
  800/1687 days | cash 5,600 fut 10,152 opt 1,033,142
  840/1687 days | cash 5,880 fut 10,872 opt 1,105,086
  880/1687 days | cash 6,160 fut 11,592 opt 1,183,238
  920/1687 days | cash 6,440 fut 12,312 opt 1,243,398
  960/1687 days | cash 6,696 fut 12,960 opt 1,302,980
  1000/1687 days | cash 6,936 fut 13,560 opt 1,356,896
  1040/1687 days | cash 7,176 fut 14,160 opt 1,416,574
  1080/1687 days | cash 7,416 fut 14,760 opt 1,479,612
  1120/1687 days | cash 7,656 fut 15,360 opt 1,518,129
  1160/1687 days | cash 7,896 fut 15,960 opt 1,551,084
  1200/1687 days | cash 8,136 fut 16,560 opt 1,586,379
  1240/1687 days | cash 8,376 fut 17,160 opt 1,617,350
  1280/1687 days | cash 8,616 fut 17,775 opt 1,643,376
  1320/1687 days | cash 8,856 fut 18,495 opt 1,675,754
  1360/1687 days | cash 9,096 fut 19,215 opt 1,708,660
  1400/1687 days | cash 9,336 fut 19,935 opt 1,742,080
  1440/1687 days | cash 9,576 fut 20,655 opt 1,772,205
  1480/1687 days | cash 9,816 fut 21,375 opt 1,797,159
  1520/1687 days | cash 10,056 fut 22,095 opt 1,830,558
  1560/1687 days | cash 10,296 fut 22,815 opt 1,870,752
  1600/1687 days | cash 10,536 fut 23,535 opt 1,920,007
  1640/1687 days | cash 10,776 fut 24,255 opt 1,962,251
  1680/1687 days | cash 11,016 fut 24,975 opt 1,997,651

merged: 11,058 cash / 25,101 futures / 2,002,938 option rows
