schema ready; universe 55 symbols (hash 56b0fa7c19f3)
1784 candidate trading days 2019-10-01 .. 2026-07-31; 23 already ingested, 1761 to process
  20/1761 days | cash 874 fut 2,565 opt 257,248
  40/1761 days | cash 1,748 fut 5,130 opt 509,260
  60/1761 days | cash 2,668 fut 7,830 opt 769,250
  80/1761 days | cash 3,588 fut 10,530 opt 1,033,692
  100/1761 days | cash 4,431 fut 13,047 opt 1,300,966
  120/1761 days | cash 5,183 fut 15,303 opt 1,615,720
  140/1761 days | cash 6,076 fut 18,009 opt 1,947,570
  160/1761 days | cash 6,969 fut 20,745 opt 2,262,928
  180/1761 days | cash 7,909 fut 23,625 opt 2,592,790
  200/1761 days | cash 8,849 fut 26,505 opt 2,908,956
  220/1761 days | cash 9,789 fut 29,385 opt 3,211,396
  240/1761 days | cash 10,729 fut 32,265 opt 3,506,668
  260/1761 days | cash 11,622 fut 35,001 opt 3,795,377
  280/1761 days | cash 12,515 fut 37,737 opt 4,094,518
  300/1761 days | cash 13,408 fut 40,473 opt 4,404,635
  320/1761 days | cash 14,301 fut 43,299 opt 4,755,888
  340/1761 days | cash 15,194 fut 46,225 opt 5,149,839
  360/1761 days | cash 16,087 fut 49,193 opt 5,552,025
  380/1761 days | cash 16,886 fut 51,705 opt 5,879,371
  400/1761 days | cash 17,732 fut 54,531 opt 6,244,381
  420/1761 days | cash 18,672 fut 57,671 opt 6,644,709
  440/1761 days | cash 19,612 fut 60,811 opt 7,040,747
  460/1761 days | cash 20,515 fut 63,794 opt 7,413,063
  480/1761 days | cash 21,427 fut 66,777 opt 7,791,613
  500/1761 days | cash 22,339 fut 69,760 opt 8,187,377
  520/1761 days | cash 23,251 fut 72,727 opt 8,630,729
  540/1761 days | cash 24,115 fut 75,483 opt 9,046,785
  560/1761 days | cash 25,075 fut 78,491 opt 9,497,665
  580/1761 days | cash 26,035 fut 81,491 opt 9,955,844
  600/1761 days | cash 26,947 fut 84,521 opt 10,408,781
  620/1761 days | cash 27,859 fut 87,561 opt 10,856,110
  640/1761 days | cash 28,723 fut 90,441 opt 11,279,544
  660/1761 days | cash 29,587 fut 93,321 opt 11,691,490
  680/1761 days | cash 30,547 fut 96,521 opt 12,137,484
  700/1761 days | cash 31,507 fut 99,721 opt 12,573,825
  720/1761 days | cash 32,467 fut 102,921 opt 13,013,756
  740/1761 days | cash 33,283 fut 105,641 opt 13,390,592
  760/1761 days | cash 34,243 fut 108,841 opt 13,829,126
  780/1761 days | cash 35,107 fut 111,721 opt 14,227,354
  800/1761 days | cash 36,019 fut 114,761 opt 14,649,293
  820/1761 days | cash 36,982 fut 117,961 opt 15,035,085
  840/1761 days | cash 37,962 fut 121,169 opt 15,385,293
  860/1761 days | cash 38,893 fut 124,209 opt 15,700,540
  880/1761 days | cash 39,824 fut 127,249 opt 16,015,637
  900/1761 days | cash 40,657 fut 129,969 opt 16,305,092
  920/1761 days | cash 41,539 fut 132,842 opt 16,614,196
  940/1761 days | cash 42,519 fut 135,975 opt 16,952,852
  960/1761 days | cash 43,450 fut 138,939 opt 17,287,686
  980/1761 days | cash 44,430 fut 142,059 opt 17,657,656
  1000/1761 days | cash 45,361 fut 145,023 opt 18,011,202
  1020/1761 days | cash 46,310 fut 147,987 opt 18,355,622
  1040/1761 days | cash 47,210 fut 150,795 opt 18,687,746
  1060/1761 days | cash 48,160 fut 153,759 opt 19,042,341
  1080/1761 days | cash 49,110 fut 156,723 opt 19,433,922
  1100/1761 days | cash 50,060 fut 159,687 opt 19,839,282
  1120/1761 days | cash 50,960 fut 162,495 opt 20,189,458
  1140/1761 days | cash 51,910 fut 165,459 opt 20,512,751
  1160/1761 days | cash 52,760 fut 168,111 opt 20,759,726
  1180/1761 days | cash 53,660 fut 170,919 opt 21,011,659
  1200/1761 days | cash 54,610 fut 173,883 opt 21,297,397
  1220/1761 days | cash 55,560 fut 176,847 opt 21,614,225
  1240/1761 days | cash 56,510 fut 179,811 opt 21,875,437
  1260/1761 days | cash 57,460 fut 182,775 opt 22,136,033
  1280/1761 days | cash 58,460 fut 185,895 opt 22,394,301
  1300/1761 days | cash 59,410 fut 188,859 opt 22,657,850
  1320/1761 days | cash 60,310 fut 191,667 opt 22,890,216
  1340/1761 days | cash 61,310 fut 194,877 opt 23,119,441
  1360/1761 days | cash 62,260 fut 197,955 opt 23,334,426
  1380/1761 days | cash 63,260 fut 201,195 opt 23,576,530
  1400/1761 days | cash 64,210 fut 204,273 opt 23,800,632
  1420/1761 days | cash 65,060 fut 207,027 opt 24,006,355
  1440/1761 days | cash 65,910 fut 209,781 opt 24,221,049
  1460/1761 days | cash 66,910 fut 213,021 opt 24,466,725
  1480/1761 days | cash 67,910 fut 216,261 opt 24,693,442
  1500/1761 days | cash 68,910 fut 219,501 opt 24,919,247
  1520/1761 days | cash 69,810 fut 222,417 opt 25,113,118
  1540/1761 days | cash 70,810 fut 225,657 opt 25,325,835
  1560/1761 days | cash 71,710 fut 228,573 opt 25,536,826
  1580/1761 days | cash 72,641 fut 231,594 opt 25,770,070
  1600/1761 days | cash 73,621 fut 234,774 opt 26,011,245
  1620/1761 days | cash 74,503 fut 237,636 opt 26,232,627
  1640/1761 days | cash 75,434 fut 240,657 opt 26,496,819
  1660/1761 days | cash 76,365 fut 243,678 opt 26,776,944
  1680/1761 days | cash 77,198 fut 246,381 opt 27,052,422
  1700/1761 days | cash 78,080 fut 249,243 opt 27,324,333
  1720/1761 days | cash 79,011 fut 252,264 opt 27,589,909
  1740/1761 days | cash 79,942 fut 255,285 opt 27,858,745
  1760/1761 days | cash 80,922 fut 258,465 opt 28,106,167
/Users/shadab/Work and Codiing/Brindco/nse/db.py:158: UserWarning: pandas only supports SQLAlchemy connectable (engine/connection) or database string URI or sqlite3 DBAPI2 connection. Other DBAPI2 objects are not tested. Please consider using SQLAlchemy.
  return pd.read_sql("""

merged: 80,971 cash / 258,624 futures / 28,116,993 option rows

coverage:
    symbol first_date  last_date  trading_days  option_rows first_expiry last_expiry
  ADANIENT 2019-10-01 2026-07-31          1687       393800   2019-10-31  2026-10-27
ADANIPORTS 2019-10-01 2026-07-31          1687       370438   2019-10-31  2026-10-27
APOLLOHOSP 2019-10-01 2026-07-31          1687       425443   2019-10-31  2026-10-27
ASIANPAINT 2019-10-01 2026-07-31          1687       482202   2019-10-31  2026-10-27
  AXISBANK 2019-10-01 2026-07-31          1687       381112   2019-10-31  2026-10-27
BAJAJ-AUTO 2019-10-01 2026-07-31          1687       428295   2019-10-31  2026-10-27
BAJAJFINSV 2019-10-01 2026-07-31          1687       411332   2019-10-31  2026-10-27
BAJFINANCE 2019-10-01 2026-07-31          1687       380191   2019-10-31  2026-10-27
       BEL 2019-10-01 2026-07-31          1687       398918   2019-10-31  2026-10-27
BHARTIARTL 2019-10-01 2026-07-31          1687       375805   2019-10-31  2026-10-27
     CIPLA 2019-10-01 2026-07-31          1687       425740   2019-10-31  2026-10-27
 COALINDIA 2019-10-01 2026-07-31          1687       411488   2019-10-31  2026-10-27
   DRREDDY 2019-10-01 2026-07-31          1687       447589   2019-10-31  2026-10-27
 EICHERMOT 2019-10-01 2026-07-31          1687       392304   2019-10-31  2026-10-27
   ETERNAL 2021-07-23 2026-07-31          1240        50088   2024-12-26  2026-10-27
    GRASIM 2019-10-01 2026-07-31          1687       420098   2019-10-31  2026-10-27
   HCLTECH 2019-10-01 2026-07-31          1687       440456   2019-10-31  2026-10-27
  HDFCBANK 2019-10-01 2026-07-31          1687       442736   2019-10-31  2026-10-27
  HDFCLIFE 2019-10-01 2026-07-31          1687       385220   2020-03-26  2026-10-27
HEROMOTOCO 2019-10-01 2026-07-31          1687       419988   2019-10-31  2026-10-27
  HINDALCO 2019-10-01 2026-07-31          1687       323601   2019-10-31  2026-10-27
HINDUNILVR 2019-10-01 2026-07-31          1687       475950   2019-10-31  2026-10-27
 ICICIBANK 2019-10-01 2026-07-31          1687       394329   2019-10-31  2026-10-27
INDUSINDBK 2019-10-01 2026-07-31          1687       345276   2019-10-31  2026-10-27
      INFY 2019-10-01 2026-07-31          1687       403265   2019-10-31  2026-10-27
       ITC 2019-10-01 2026-07-31          1687       500280   2019-10-31  2026-10-27
    JIOFIN 2023-09-04 2026-07-31           715        62543   2024-12-26  2026-10-27
  JSWSTEEL 2019-10-01 2026-07-31          1687       366378   2019-10-31  2026-10-27
 KOTAKBANK 2019-10-01 2026-07-31          1687       436437   2019-10-31  2026-10-27
        LT 2019-10-01 2026-07-31          1687       447982   2019-10-31  2026-10-27
       M&M 2019-10-01 2026-07-31          1687       386033   2019-10-31  2026-10-27
    MARUTI 2019-10-01 2026-07-31          1687       429404   2019-10-31  2026-10-27
 NESTLEIND 2019-10-01 2026-07-31          1687       462775   2019-10-31  2026-10-27
      NTPC 2019-10-01 2026-07-31          1687       461120   2019-10-31  2026-10-27
      ONGC 2019-10-01 2026-07-31          1687       428178   2019-10-31  2026-10-27
 POWERGRID 2019-10-01 2026-07-31          1687       415643   2019-10-31  2026-10-27
  RELIANCE 2019-10-01 2026-07-31          1687       506014   2019-10-31  2026-10-27
   SBILIFE 2019-10-01 2026-07-31          1687       367727   2020-05-28  2026-10-27
      SBIN 2019-10-01 2026-07-31          1687       425808   2019-10-31  2026-10-27
SHRIRAMFIN 2022-12-20 2026-07-31           890       149700   2022-12-29  2026-10-27
 SUNPHARMA 2019-10-01 2026-07-31          1687       380112   2019-10-31  2026-10-27
TATACONSUM 2020-02-27 2026-07-31          1587       378451   2020-02-27  2026-10-27
TATAMOTORS 2019-10-01 2025-10-23          1498       320269   2019-10-31  2025-12-30
 TATASTEEL 2019-10-01 2026-07-31          1687       412451   2019-10-31  2026-10-27
       TCS 2019-10-01 2026-07-31          1687       526118   2019-10-31  2026-10-27
     TECHM 2019-10-01 2026-07-31          1687       407409   2019-10-31  2026-10-27
     TITAN 2019-10-01 2026-07-31          1687       478483   2019-10-31  2026-10-27
     TRENT 2019-10-01 2026-07-31          1687       263672   2021-03-25  2026-10-27
ULTRACEMCO 2019-10-01 2026-07-31          1687       419444   2019-10-31  2026-10-27
     WIPRO 2019-10-01 2026-07-31          1687       445741   2019-10-31  2026-10-27
