2016-01-28: no data for any of 50 members, skipped
2016-02-25: ranked 38/50, top ONGC 2.37  | no data: ['ACC', 'AMBUJACEM', 'BANKBARODA', 'BHEL', 'BOSCHLTD', 'CAIRN', 'HDFC', 'IDEA', 'LUPIN', 'PNB', 'TATAPOWER', 'ZEEL']
2016-03-31: ranked 38/50, top TATASTEEL 4.55  | no data: ['ACC', 'AMBUJACEM', 'BANKBARODA', 'BHEL', 'BOSCHLTD', 'CAIRN', 'HDFC', 'IDEA', 'LUPIN', 'PNB', 'TATAPOWER', 'ZEEL']
2016-04-28: ranked 38/51, top YESBANK 5.49  | no data: ['ACC', 'AMBUJACEM', 'AUROPHARMA', 'BANKBARODA', 'BHEL', 'BOSCHLTD', 'HDFC', 'IDEA', 'INFRATEL', 'LUPIN', 'TATAMTRDVR', 'TATAPOWER', 'ZEEL']
2016-05-26: ranked 38/51, top LT 10.43  | no data: ['ACC', 'AMBUJACEM', 'AUROPHARMA', 'BANKBARODA', 'BHEL', 'BOSCHLTD', 'HDFC', 'IDEA', 'INFRATEL', 'LUPIN', 'TATAMTRDVR', 'TATAPOWER', 'ZEEL']
2016-06-30: ranked 38/51, top DRREDDY 4.47  | no data: ['ACC', 'AMBUJACEM', 'AUROPHARMA', 'BANKBARODA', 'BHEL', 'BOSCHLTD', 'HDFC', 'IDEA', 'INFRATEL', 'LUPIN', 'TATAMTRDVR', 'TATAPOWER', 'ZEEL']
2016-07-28: ranked 38/51, top ASIANPAINT 5.43  | no data: ['ACC', 'AMBUJACEM', 'AUROPHARMA', 'BANKBARODA', 'BHEL', 'BOSCHLTD', 'HDFC', 'IDEA', 'INFRATEL', 'LUPIN', 'TATAMTRDVR', 'TATAPOWER', 'ZEEL']
2016-08-25: ranked 38/51, top YESBANK 3.76  | no data: ['ACC', 'AMBUJACEM', 'AUROPHARMA', 'BANKBARODA', 'BHEL', 'BOSCHLTD', 'HDFC', 'IDEA', 'INFRATEL', 'LUPIN', 'TATAMTRDVR', 'TATAPOWER', 'ZEEL']
2016-09-29: ranked 38/51, top EICHERMOT 2.69  | no data: ['ACC', 'AMBUJACEM', 'AUROPHARMA', 'BANKBARODA', 'BHEL', 'BOSCHLTD', 'HDFC', 'IDEA', 'INFRATEL', 'LUPIN', 'TATAMTRDVR', 'TATAPOWER', 'ZEEL']
2016-10-27: ranked 38/51, top ADANIPORTS 5.69  | no data: ['ACC', 'AMBUJACEM', 'AUROPHARMA', 'BANKBARODA', 'BHEL', 'BOSCHLTD', 'HDFC', 'IDEA', 'INFRATEL', 'LUPIN', 'TATAMTRDVR', 'TATAPOWER', 'ZEEL']
2016-11-24: ranked 38/51, top HINDALCO 6.14  | no data: ['ACC', 'AMBUJACEM', 'AUROPHARMA', 'BANKBARODA', 'BHEL', 'BOSCHLTD', 'HDFC', 'IDEA', 'INFRATEL', 'LUPIN', 'TATAMTRDVR', 'TATAPOWER', 'ZEEL']
2016-12-29: ranked 38/51, top MARUTI 2.48  | no data: ['ACC', 'AMBUJACEM', 'AUROPHARMA', 'BANKBARODA', 'BHEL', 'BOSCHLTD', 'HDFC', 'IDEA', 'INFRATEL', 'LUPIN', 'TATAMTRDVR', 'TATAPOWER', 'ZEEL']
2017-01-25: ranked 38/51, top KOTAKBANK 6.44  | no data: ['ACC', 'AMBUJACEM', 'AUROPHARMA', 'BANKBARODA', 'BHEL', 'BOSCHLTD', 'HDFC', 'IDEA', 'INFRATEL', 'LUPIN', 'TATAMTRDVR', 'TATAPOWER', 'ZEEL']
2017-02-23: ranked 38/51, top RELIANCE 5.43  | no data: ['ACC', 'AMBUJACEM', 'AUROPHARMA', 'BANKBARODA', 'BHEL', 'BOSCHLTD', 'HDFC', 'IDEA', 'INFRATEL', 'LUPIN', 'TATAMTRDVR', 'TATAPOWER', 'ZEEL']
2017-03-30: ranked 38/51, top ADANIPORTS 5.37  | no data: ['ACC', 'AMBUJACEM', 'AUROPHARMA', 'BANKBARODA', 'BHEL', 'BOSCHLTD', 'HDFC', 'IDEA', 'INFRATEL', 'LUPIN', 'TATAMTRDVR', 'TATAPOWER', 'ZEEL']
2017-04-27: ranked 39/51, top IOC 4.60  | no data: ['ACC', 'AMBUJACEM', 'AUROPHARMA', 'BANKBARODA', 'BOSCHLTD', 'HDFC', 'IBULHSGFIN', 'INFRATEL', 'LUPIN', 'TATAMTRDVR', 'TATAPOWER', 'ZEEL']
2017-05-25: ranked 39/51, top TCS 4.07  | no data: ['ACC', 'AMBUJACEM', 'AUROPHARMA', 'BANKBARODA', 'BOSCHLTD', 'HDFC', 'IBULHSGFIN', 'INFRATEL', 'LUPIN', 'TATAMTRDVR', 'TATAPOWER', 'ZEEL']
2017-06-29: ranked 39/51, top VEDL 4.40  | no data: ['ACC', 'AMBUJACEM', 'AUROPHARMA', 'BANKBARODA', 'BOSCHLTD', 'HDFC', 'IBULHSGFIN', 'INFRATEL', 'LUPIN', 'TATAMTRDVR', 'TATAPOWER', 'ZEEL']
2017-07-27: ranked 39/51, top YESBANK 8.01  | no data: ['ACC', 'AMBUJACEM', 'AUROPHARMA', 'BANKBARODA', 'BOSCHLTD', 'HDFC', 'IBULHSGFIN', 'INFRATEL', 'LUPIN', 'TATAMTRDVR', 'TATAPOWER', 'ZEEL']
2017-08-31: ranked 39/51, top IOC 4.64  | no data: ['ACC', 'AMBUJACEM', 'AUROPHARMA', 'BANKBARODA', 'BOSCHLTD', 'HDFC', 'IBULHSGFIN', 'INFRATEL', 'LUPIN', 'TATAMTRDVR', 'TATAPOWER', 'ZEEL']
2017-09-28: ranked 39/51, top COALINDIA 2.59  | no data: ['ACC', 'AMBUJACEM', 'AUROPHARMA', 'BANKBARODA', 'BOSCHLTD', 'HDFC', 'IBULHSGFIN', 'INFRATEL', 'LUPIN', 'TATAMTRDVR', 'TATAPOWER', 'ZEEL']
2017-10-26: ranked 41/50, top SBIN 10.25  | no data: ['AMBUJACEM', 'AUROPHARMA', 'BOSCHLTD', 'HDFC', 'HINDPETRO', 'IBULHSGFIN', 'INFRATEL', 'LUPIN', 'ZEEL']
2017-11-30: ranked 41/50, top BAJAJ-AUTO 1.32  | no data: ['AMBUJACEM', 'AUROPHARMA', 'BOSCHLTD', 'HDFC', 'HINDPETRO', 'IBULHSGFIN', 'INFRATEL', 'LUPIN', 'ZEEL']
2017-12-28: ranked 41/50, top VEDL 4.83  | no data: ['AMBUJACEM', 'AUROPHARMA', 'BOSCHLTD', 'HDFC', 'HINDPETRO', 'IBULHSGFIN', 'INFRATEL', 'LUPIN', 'ZEEL']
2018-01-25: ranked 41/50, top HCLTECH 4.75  | no data: ['AMBUJACEM', 'AUROPHARMA', 'BOSCHLTD', 'HDFC', 'HINDPETRO', 'IBULHSGFIN', 'INFRATEL', 'LUPIN', 'ZEEL']
2018-02-22: ranked 41/50, top TECHM 2.10  | no data: ['AMBUJACEM', 'AUROPHARMA', 'BOSCHLTD', 'HDFC', 'HINDPETRO', 'IBULHSGFIN', 'INFRATEL', 'LUPIN', 'ZEEL']
2018-03-28: ranked 41/50, top INDUSINDBK 2.37  | no data: ['AMBUJACEM', 'AUROPHARMA', 'BOSCHLTD', 'HDFC', 'HINDPETRO', 'IBULHSGFIN', 'INFRATEL', 'LUPIN', 'ZEEL']
2018-04-26: ranked 44/50, top YESBANK 10.53  | no data: ['HDFC', 'HINDPETRO', 'IBULHSGFIN', 'INFRATEL', 'LUPIN', 'ZEEL']
2018-05-31: ranked 44/50, top M&M 5.25  | no data: ['HDFC', 'HINDPETRO', 'IBULHSGFIN', 'INFRATEL', 'LUPIN', 'ZEEL']
2018-06-28: ranked 44/50, top HDFCBANK 1.74  | no data: ['HDFC', 'HINDPETRO', 'IBULHSGFIN', 'INFRATEL', 'LUPIN', 'ZEEL']
2018-07-26: ranked 44/50, top SBIN 6.47  | no data: ['HDFC', 'HINDPETRO', 'IBULHSGFIN', 'INFRATEL', 'LUPIN', 'ZEEL']
2018-08-30: ranked 44/50, top UPL 4.32  | no data: ['HDFC', 'HINDPETRO', 'IBULHSGFIN', 'INFRATEL', 'LUPIN', 'ZEEL']
2018-09-27: ranked 44/50, top VEDL 2.44  | no data: ['HDFC', 'HINDPETRO', 'IBULHSGFIN', 'INFRATEL', 'LUPIN', 'ZEEL']
2018-10-25: ranked 45/50, top BAJFINANCE 3.12  | no data: ['HDFC', 'HINDPETRO', 'IBULHSGFIN', 'INFRATEL', 'ZEEL']
2018-11-29: ranked 45/50, top INDUSINDBK 4.79  | no data: ['HDFC', 'HINDPETRO', 'IBULHSGFIN', 'INFRATEL', 'ZEEL']
2018-12-27: ranked 45/50, top ADANIPORTS 3.53  | no data: ['HDFC', 'HINDPETRO', 'IBULHSGFIN', 'INFRATEL', 'ZEEL']
2019-01-31: ranked 45/50, top AXISBANK 5.79  | no data: ['HDFC', 'HINDPETRO', 'IBULHSGFIN', 'INFRATEL', 'ZEEL']
2019-02-28: ranked 45/50, top YESBANK 5.67  | no data: ['HDFC', 'HINDPETRO', 'IBULHSGFIN', 'INFRATEL', 'ZEEL']
2019-03-28: ranked 45/50, top YESBANK 7.26  | no data: ['HDFC', 'HINDPETRO', 'IBULHSGFIN', 'INFRATEL', 'ZEEL']
2019-04-25: ranked 46/50, top ULTRACEMCO 7.02  | no data: ['HDFC', 'IBULHSGFIN', 'INFRATEL', 'ZEEL']
2019-05-30: ranked 46/50, top BAJFINANCE 3.85  | no data: ['HDFC', 'IBULHSGFIN', 'INFRATEL', 'ZEEL']
2019-06-27: ranked 46/50, top VEDL 2.83  | no data: ['HDFC', 'IBULHSGFIN', 'INFRATEL', 'ZEEL']
2019-07-25: ranked 46/50, top ASIANPAINT 4.64  | no data: ['HDFC', 'IBULHSGFIN', 'INFRATEL', 'ZEEL']
2019-08-29: ranked 46/50, top SUNPHARMA 2.60  | no data: ['HDFC', 'IBULHSGFIN', 'INFRATEL', 'ZEEL']
2019-09-26: ranked 46/50, top BPCL 10.77  | no data: ['HDFC', 'IBULHSGFIN', 'INFRATEL', 'ZEEL']
2019-10-31: ranked 47/50, top YESBANK 23.64  | no data: ['HDFC', 'INFRATEL', 'ZEEL']
2019-11-28: ranked 47/50, top YESBANK 5.91  | no data: ['HDFC', 'INFRATEL', 'ZEEL']
2019-12-26: ranked 47/50, top TATASTEEL 4.25  | no data: ['HDFC', 'INFRATEL', 'ZEEL']
2020-01-30: ranked 47/50, top DRREDDY 2.04  | no data: ['HDFC', 'INFRATEL', 'ZEEL']
2020-02-27: ranked 47/50, top HINDUNILVR 1.47  | no data: ['HDFC', 'INFRATEL', 'ZEEL']
2020-03-26: ranked 47/50, top HINDUNILVR 4.37  | no data: ['HDFC', 'INFRATEL', 'ZEEL']
2020-04-30: ranked 47/50, top TMPV 14.34  | no data: ['HDFC', 'INFRATEL', 'ZEEL']
2020-05-28: ranked 47/50, top EICHERMOT 7.96  | no data: ['HDFC', 'INFRATEL', 'ZEEL']
2020-06-25: ranked 47/50, top BAJFINANCE 8.56  | no data: ['HDFC', 'INFRATEL', 'ZEEL']
2020-07-30: ranked 47/50, top DRREDDY 6.41  | no data: ['HDFC', 'INFRATEL', 'ZEEL']
2020-08-27: ranked 47/50, top TMPV 9.70  | no data: ['HDFC', 'INFRATEL', 'ZEEL']
2020-09-24: ranked 47/50, top DRREDDY 2.77  | no data: ['HDFC', 'INFRATEL', 'ZEEL']
2020-10-29: ranked 49/50, top KOTAKBANK 6.03  | no data: ['HDFC']
2020-11-26: ranked 49/50, top TATASTEEL 10.50  | no data: ['HDFC']
2020-12-31: ranked 49/50, top ASIANPAINT 4.29  | no data: ['HDFC']
2021-01-28: ranked 49/50, top BAJAJ-AUTO 5.50  | no data: ['HDFC']
2021-02-25: ranked 49/50, top HINDALCO 10.36  | no data: ['HDFC']
2021-03-25: ranked 49/50, top JSWSTEEL 1.50  | no data: ['HDFC']/Users/shadab/Work and Codiing/Brindco/scripts/wheel/expiry_rankings.py:190: FutureWarning: The behavior of DataFrame concatenation with empty or all-NA entries is deprecated. In a future version, this will no longer exclude empty or all-NA columns when determining the result dtypes. To retain the old behavior, exclude the relevant entries before the concat operation.
  res = pd.concat(frames, ignore_index=True)

2021-04-29: ranked 49/50, top JSWSTEEL 12.58  | no data: ['HDFC']
2021-05-27: ranked 49/50, top UPL 6.68  | no data: ['HDFC']
2021-06-24: ranked 49/50, top INFY 4.10  | no data: ['HDFC']
2021-07-29: ranked 49/50, top TATASTEEL 9.72  | no data: ['HDFC']
2021-08-26: ranked 49/50, top BRITANNIA 4.15  | no data: ['HDFC']
2021-09-30: ranked 49/50, top NTPC 7.28  | no data: ['HDFC']
2021-10-28: ranked 49/50, top TMPV 2.91  | no data: ['HDFC']
2021-11-25: ranked 49/50, top POWERGRID 3.71  | no data: ['HDFC']
2021-12-30: ranked 49/50, top HCLTECH 4.47  | no data: ['HDFC']
2022-01-27: ranked 49/50, top MARUTI 6.49  | no data: ['HDFC']
2022-02-24: ranked 49/50, top HINDALCO -0.25  | no data: ['HDFC']
2022-03-31: ranked 49/50, top BHARTIARTL 3.30  | no data: ['HDFC']
2022-04-28: ranked 49/50, top HEROMOTOCO 4.21  | no data: ['HDFC']
2022-05-26: ranked 49/50, top BRITANNIA 3.26  | no data: ['HDFC']
2022-06-30: ranked 49/50, top M&M 2.33  | no data: ['HDFC']
2022-07-28: ranked 49/50, top BAJAJFINSV 10.57  | no data: ['HDFC']
2022-08-25: ranked 49/50, top EICHERMOT 3.36  | no data: ['HDFC']
2022-09-29: ranked 49/50, top CIPLA 3.24  | no data: ['HDFC']
2022-10-27: ranked 49/50, top AXISBANK 6.49  | no data: ['HDFC']
2022-11-24: ranked 49/50, top APOLLOHOSP 5.11  | no data: ['HDFC']
2022-12-29: ranked 49/50, top HINDALCO 2.70  | no data: ['HDFC']
2023-01-25: ranked 49/50, top BAJAJ-AUTO 2.43  | no data: ['HDFC']
2023-02-23: ranked 49/50, top TECHM 2.67  | no data: ['HDFC']
2023-03-29: ranked 49/50, top ULTRACEMCO 2.04  | no data: ['HDFC']
2023-04-27: ranked 49/50, top BAJAJ-AUTO 3.47  | no data: ['HDFC']
2023-05-25: ranked 49/50, top ADANIENT 11.86  | no data: ['HDFC']
2023-06-28: ranked 49/50, top HDFCLIFE 4.01  | no data: ['HDFC']
2023-07-27: ranked 49/50, top CIPLA 8.04  | no data: ['LTIM']
2023-08-31: ranked 49/50, top MARUTI 2.66  | no data: ['LTIM']
2023-09-28: ranked 49/50, top COALINDIA 3.75  | no data: ['LTIM']
2023-10-26: ranked 49/50, top COALINDIA 0.62  | no data: ['LTIM']
2023-11-30: ranked 49/50, top HEROMOTOCO 6.91  | no data: ['LTIM']
2023-12-28: ranked 49/50, top HINDALCO 6.24  | no data: ['LTIM']
2024-01-25: ranked 49/50, top BAJAJ-AUTO 5.20  | no data: ['LTIM']
2024-02-29: ranked 49/50, top M&M 3.14  | no data: ['LTIM']
2024-03-28: ranked 49/50, top BAJFINANCE 4.66  | no data: ['LTIM']
2024-04-25: ranked 49/50, top HINDALCO 4.89  | no data: ['LTIM']
2024-05-30: ranked 49/50, top DIVISLAB 4.17  | no data: ['LTIM']
2024-06-27: ranked 49/50, top ULTRACEMCO 6.15  | no data: ['LTIM']
2024-07-25: ranked 49/50, top ONGC 5.82  | no data: ['LTIM']
2024-08-29: ranked 49/50, top BAJAJFINSV 4.35  | no data: ['LTIM']
2024-09-26: ranked 49/50, top M&M 5.97  | no data: ['LTIM']
2024-10-31: ranked 50/50, top LT 2.83
2024-11-28: ranked 50/50, top BEL 2.90
2024-12-26: ranked 50/50, top DRREDDY 3.11
2025-01-30: ranked 50/50, top BAJFINANCE 4.12
2025-02-27: ranked 50/50, top SHRIRAMFIN 4.43
2025-03-27: ranked 50/50, top NTPC 4.17
2025-04-24: ranked 50/50, top JIOFIN 4.83
2025-05-29: ranked 50/50, top BEL 4.12
2025-06-26: ranked 50/50, top JIOFIN 4.08
2025-07-31: ranked 50/50, top ETERNAL 4.12
2025-08-28: ranked 50/50, top MARUTI 4.64
2025-09-30: ranked 50/50, top SBIN 1.83
2025-10-28: ranked 50/50, top HINDALCO 4.37
2025-11-25: ranked 50/50, top SHRIRAMFIN 3.02
2025-12-30: ranked 50/50, top SHRIRAMFIN 4.65
2026-01-27: ranked 50/50, top TECHM 3.92
2026-02-24: ranked 50/50, top NTPC 3.77
2026-03-30: ranked 50/50, top ONGC 3.02
2026-04-28: ranked 50/50, top ADANIENT 6.88
2026-05-26: ranked 50/50, top ADANIENT 8.61
2026-06-30: ranked 50/50, top INDIGO 4.10
2026-07-28: ranked 50/50, top ETERNAL 5.21

126 expiries, 5838 rows -> /Users/shadab/Work and Codiing/Brindco/data/signals/expiry_rankings.csv
